SwiftCompile normal arm64 Compiling\ CustomToolbar.swift,\ DSColor.swift,\ DSComponents.swift,\ DSLayout.swift,\ DSTypography.swift,\ DatabaseFileHealthCheck.swift,\ FXStatusHealthCheck.swift,\ HealthCheck.swift,\ HealthCheckRegistry.swift,\ HealthCheckRunner.swift,\ DateFormatting.swift,\ MarkdownRenderer.swift,\ UpdateDateFilter.swift,\ AppVersionProvider.swift,\ Color+Hex.swift,\ Color+Palette.swift,\ DashboardTileLayout.swift,\ DateFormatter+Extensions.swift,\ Double+Round.swift,\ GitInfoProvider.swift,\ PythonEnvironment.swift,\ TableFontMetrics.swift,\ TablePreferences.swift,\ Theme.swift,\ ToastView.swift,\ UserDefaultsKeys.swift,\ View+DashboardTileStyle.swift,\ ViewHelpers.swift,\ ViewModifiers.swift,\ IchimokuModels.swift,\ DatabaseManager+IchimokuCandidates.swift,\ DatabaseManager+IchimokuIndicators.swift,\ DatabaseManager+IchimokuPositions.swift,\ DatabaseManager+IchimokuPriceHistory.swift,\ DatabaseManager+IchimokuRunLog.swift,\ DatabaseManager+IchimokuTickers.swift,\ IchimokuHistoricalDataFetcher.swift,\ IchimokuIndicatorCalculator.swift,\ IchimokuPipelineService.swift,\ IchimokuReportService.swift,\ IchimokuScheduler.swift,\ IchimokuSettingsService.swift,\ IchimokuSignalEngine.swift,\ IchimokuUniverseService.swift,\ IchimokuDragonViewModel.swift,\ IchimokuDragonView.swift,\ Attachment.swift,\ InstrumentNote.swift,\ Link.swift,\ PortfolioTheme.swift,\ PortfolioThemeAsset.swift,\ PortfolioThemeAssetUpdate.swift,\ PortfolioThemeStatus.swift,\ PortfolioThemeUpdate.swift,\ PortfolioUpdateType.swift,\ ThemeStatusColorPresets.swift,\ AlertRepository.swift,\ AlertTriggerTypeRepository.swift,\ NewsTypeRepository.swift,\ TagRepository.swift,\ ExchangerateHostProvider.swift,\ FrankfurterProvider.swift,\ FXProvider.swift,\ CoinGeckoProvider.swift,\ FinnhubProvider.swift,\ PriceProvider.swift,\ YahooFinanceProvider.swift,\ KeychainService.swift,\ AttachmentService.swift,\ FXUpdateService.swift,\ IOSSnapshotExportService.swift,\ LinkService.swift,\ PriceUpdateService.swift,\ KanbanFontSize.swift,\ KanbanModels.swift,\ KanbanSortMode.swift,\ AccountDetailWindowViewModel.swift,\ AssetManagementReportViewModel.swift,\ CurrencyExposureViewModel.swift,\ ExchangeRatesViewModel.swift,\ PositionsViewModel.swift,\ PriceMaintenanceSimplifiedViewModel.swift,\ RiskBucketsViewModel.swift,\ StaleAccountsViewModel.swift,\ TargetAllocationViewModel.swift,\ AllocationDashboardComponents.swift,\ AllocationDashboardView.swift,\ AllocationDashboardViewModel.swift,\ MaintenanceTableTypes.swift,\ MaintenanceTableView.swift,\ ResizableTableViewModel.swift,\ FloatingSearchPicker.swift,\ MacComboBox.swift,\ AccountsNeedingUpdateTile.swift,\ CryptoTop5Tile.swift,\ CurrencyExposureTile.swift,\ DashboardTiles.swift,\ InstrumentDashboardTile.swift,\ RiskBucketsTile.swift,\ TodoDashboardTile.swift,\ UnthemedInstrumentsTile.swift,\ UnusedInstrumentsTile.swift,\ UpcomingAlertsTile.swift,\ AccountDetailWindowView.swift,\ AccountPromptView.swift,\ AccountsView.swift,\ AccountTypesView.swift,\ AddAccountTypeView.swift,\ AddInstrumentView.swift,\ AddPortfolioThemeView.swift,\ AlertsSettingsView.swift,\ AlertsTimelineView.swift,\ AlertTriggerTypeSettingsView.swift,\ AllNotesView.swift,\ AllocationHeatMapTile.swift,\ AllocationTargetsTableView.swift,\ ApplicationStartupView.swift,\ AssetClassesView.swift,\ AssetManagementReportView.swift,\ AssetMenuView.swift,\ AssetSubClassPicker.swift,\ AutosaveTableView.swift,\ BankStatementCard.swift,\ ClassManagementView.swift,\ ContentView.swift,\ CurrenciesView.swift,\ DashboardView.swift,\ DatabaseManagementView.swift,\ DataImportExportView.swift,\ DeviationChip.swift,\ EditAccountTypeView.swift,\ EditPortfolioThemeView.swift,\ ExchangeRatesView.swift,\ FetchResultsReportView.swift,\ HealthCheckResultsView.swift,\ ImportSessionHistoryView.swift,\ ImportSummaryPanel.swift,\ ImportSummaryView.swift,\ InstitutionsAUMTile.swift,\ InstitutionsView.swift,\ InstrumentDashboardWindowView.swift,\ InstrumentEditView.swift,\ InstrumentNoteEditorView.swift,\ InstrumentNotesView.swift,\ InstrumentPromptView.swift,\ InstrumentThemeChooserView.swift,\ InstrumentTypesView.swift,\ InstrumentUpdateEditorView.swift,\ InstrumentUpdatesView.swift,\ LogViewerView.swift,\ MasonryLayout.swift,\ ModeBadge.swift,\ NewDashboardView.swift,\ NewPortfoliosView.swift,\ NewsTypeSettingsView.swift,\ NewThemeUpdateView.swift,\ NoteEditorView.swift,\ PortfolioThemeUpdatesView.swift,\ PortfolioThemeWorkspaceView.swift,\ PortfolioView.swift,\ PositionFormView.swift,\ PositionReviewView.swift,\ PositionsView.swift,\ PriceHistoryView.swift,\ PriceMaintenanceSimplifiedView.swift,\ RebalancingView.swift,\ RestoreComparisonView.swift,\ RiskScorecardView.swift,\ SettingsView.swift,\ SidebarView.swift,\ SymbolFormatHelpView.swift,\ TagSettingsView.swift,\ TargetEditPanel.swift,\ ThemeStatusSettingsView.swift,\ ThemeUpdateEditorView.swift,\ TilePickerView.swift,\ TradeFormView.swift,\ TradesHistoryView.swift,\ TransactionHistoryView.swift,\ TransactionsView.swift,\ TransactionTypesView.swift,\ UnusedInstrumentsReportView.swift,\ ValueReportView.swift,\ AppConfiguration.swift,\ AssetManager.swift,\ BackupService.swift,\ BankRecordRepository.swift,\ CreditSuissePositionParser.swift,\ CreditSuisseXLSXProcessor.swift,\ CSVParsingService.swift,\ CSVProcessor.swift,\ DatabaseDiagnostics.swift,\ DatabaseManager.swift,\ DatabaseManager+Accounts.swift,\ DatabaseManager+AccountTypes.swift,\ DatabaseManager+AlertReference.swift,\ DatabaseManager+Alerts.swift,\ DatabaseManager+AlertTriggerType.swift,\ DatabaseManager+AssetClasses.swift,\ DatabaseManager+Attachments.swift,\ DatabaseManager+Configuration.swift,\ DatabaseManager+Currencies.swift,\ DatabaseManager+Dashboard.swift,\ DatabaseManager+EventCalendar.swift,\ DatabaseManager+ExchangeRates.swift,\ DatabaseManager+Export.swift,\ DatabaseManager+FxRateUpdates.swift,\ DatabaseManager+ImportSessions.swift,\ DatabaseManager+Institutions.swift,\ DatabaseManager+InstrumentNotes.swift,\ DatabaseManager+InstrumentPrice.swift,\ DatabaseManager+InstrumentPriceSource.swift,\ DatabaseManager+Instruments.swift,\ DatabaseManager+InstrumentTypes.swift,\ DatabaseManager+Links.swift,\ DatabaseManager+Lookups.swift,\ DatabaseManager+NewsType.swift,\ DatabaseManager+OtherData.swift,\ DatabaseManager+Portfolios.swift,\ DatabaseManager+PortfolioTargets.swift,\ DatabaseManager+PortfolioThemeAssets.swift,\ DatabaseManager+PortfolioThemeAssetUpdates.swift,\ DatabaseManager+PortfolioThemes.swift,\ DatabaseManager+PortfolioThemeStatus.swift,\ DatabaseManager+PortfolioThemeUpdates.swift,\ DatabaseManager+PositionReports.swift,\ DatabaseManager+SchemaHelpers.swift,\ DatabaseManager+SystemJobs.swift,\ DatabaseManager+Tag.swift,\ DatabaseManager+Trades.swift,\ DatabaseManager+TransactionHistory.swift,\ DatabaseManager+TransactionTypes.swift,\ DatabaseTest.swift,\ DataValidationService.swift,\ DragonShieldApp.swift,\ FXConversionService.swift,\ ImportManager.swift,\ InstrumentReportService.swift,\ InstrumentUsageRepository.swift,\ Logger.swift,\ LoggingService.swift,\ MyBankRecord.swift,\ OSLogType+Warning.swift,\ PortfolioValuationService.swift,\ PositionReportRepository.swift,\ RiskMetricsService.swift,\ ThemeAssetUpdateRepository.swift,\ ThemeUpdateLinkRepository.swift,\ ThemeUpdateRepository.swift,\ XLSXParsingService.swift,\ XLSXProcessor.swift,\ ZKBStatementParser.swift,\ Asset.swift,\ GeneratedAssetSymbols.swift /Users/renekeller/Google\ Antigravity\ Project\ Folder/DragonShield/DragonShield/Core/DesignSystem/CustomToolbar.swift /Users/renekeller/Google\ Antigravity\ Project\ Folder/DragonShield/DragonShield/Core/DesignSystem/DSColor.swift /Users/renekeller/Google\ Antigravity\ Project\ Folder/DragonShield/DragonShield/Core/DesignSystem/DSComponents.swift /Users/renekeller/Google\ Antigravity\ Project\ Folder/DragonShield/DragonShield/Core/DesignSystem/DSLayout.swift /Users/renekeller/Google\ Antigravity\ Project\ Folder/DragonShield/DragonShield/Core/DesignSystem/DSTypography.swift /Users/renekeller/Google\ Antigravity\ Project\ Folder/DragonShield/DragonShield/Core/Health/DatabaseFileHealthCheck.swift /Users/renekeller/Google\ Antigravity\ Project\ Folder/DragonShield/DragonShield/Core/Health/FXStatusHealthCheck.swift /Users/renekeller/Google\ Antigravity\ Project\ Folder/DragonShield/DragonShield/Core/Health/HealthCheck.swift /Users/renekeller/Google\ Antigravity\ Project\ Folder/DragonShield/DragonShield/Core/Health/HealthCheckRegistry.swift /Users/renekeller/Google\ Antigravity\ Project\ Folder/DragonShield/DragonShield/Core/Health/HealthCheckRunner.swift /Users/renekeller/Google\ Antigravity\ Project\ Folder/DragonShield/DragonShield/Core/DateFormatting.swift /Users/renekeller/Google\ Antigravity\ Project\ Folder/DragonShield/DragonShield/Core/MarkdownRenderer.swift /Users/renekeller/Google\ Antigravity\ Project\ Folder/DragonShield/DragonShield/Core/UpdateDateFilter.swift /Users/renekeller/Google\ Antigravity\ Project\ Folder/DragonShield/DragonShield/helpers/AppVersionProvider.swift /Users/renekeller/Google\ Antigravity\ Project\ Folder/DragonShield/DragonShield/helpers/Color+Hex.swift /Users/renekeller/Google\ Antigravity\ Project\ Folder/DragonShield/DragonShield/helpers/Color+Palette.swift /Users/renekeller/Google\ Antigravity\ Project\ Folder/DragonShield/DragonShield/helpers/DashboardTileLayout.swift /Users/renekeller/Google\ Antigravity\ Project\ Folder/DragonShield/DragonShield/helpers/DateFormatter+Extensions.swift /Users/renekeller/Google\ Antigravity\ Project\ Folder/DragonShield/DragonShield/helpers/Double+Round.swift /Users/renekeller/Google\ Antigravity\ Project\ Folder/DragonShield/DragonShield/helpers/GitInfoProvider.swift /Users/renekeller/Google\ Antigravity\ Project\ Folder/DragonShield/DragonShield/helpers/PythonEnvironment.swift /Users/renekeller/Google\ Antigravity\ Project\ Folder/DragonShield/DragonShield/helpers/TableFontMetrics.swift /Users/renekeller/Google\ Antigravity\ Project\ Folder/DragonShield/DragonShield/helpers/TablePreferences.swift /Users/renekeller/Google\ Antigravity\ Project\ Folder/DragonShield/DragonShield/helpers/Theme.swift /Users/renekeller/Google\ Antigravity\ Project\ Folder/DragonShield/DragonShield/helpers/ToastView.swift /Users/renekeller/Google\ Antigravity\ Project\ Folder/DragonShield/DragonShield/helpers/UserDefaultsKeys.swift /Users/renekeller/Google\ Antigravity\ Project\ Folder/DragonShield/DragonShield/helpers/View+DashboardTileStyle.swift /Users/renekeller/Google\ Antigravity\ Project\ Folder/DragonShield/DragonShield/helpers/ViewHelpers.swift /Users/renekeller/Google\ Antigravity\ Project\ Folder/DragonShield/DragonShield/helpers/ViewModifiers.swift /Users/renekeller/Google\ Antigravity\ Project\ Folder/DragonShield/DragonShield/Ichimoku/Models/IchimokuModels.swift /Users/renekeller/Google\ Antigravity\ Project\ Folder/DragonShield/DragonShield/Ichimoku/Repositories/DatabaseManager+IchimokuCandidates.swift /Users/renekeller/Google\ Antigravity\ Project\ Folder/DragonShield/DragonShield/Ichimoku/Repositories/DatabaseManager+IchimokuIndicators.swift /Users/renekeller/Google\ Antigravity\ Project\ Folder/DragonShield/DragonShield/Ichimoku/Repositories/DatabaseManager+IchimokuPositions.swift /Users/renekeller/Google\ Antigravity\ Project\ Folder/DragonShield/DragonShield/Ichimoku/Repositories/DatabaseManager+IchimokuPriceHistory.swift /Users/renekeller/Google\ Antigravity\ Project\ Folder/DragonShield/DragonShield/Ichimoku/Repositories/DatabaseManager+IchimokuRunLog.swift /Users/renekeller/Google\ Antigravity\ Project\ Folder/DragonShield/DragonShield/Ichimoku/Repositories/DatabaseManager+IchimokuTickers.swift /Users/renekeller/Google\ Antigravity\ Project\ Folder/DragonShield/DragonShield/Ichimoku/Services/IchimokuHistoricalDataFetcher.swift /Users/renekeller/Google\ Antigravity\ Project\ Folder/DragonShield/DragonShield/Ichimoku/Services/IchimokuIndicatorCalculator.swift /Users/renekeller/Google\ Antigravity\ Project\ Folder/DragonShield/DragonShield/Ichimoku/Services/IchimokuPipelineService.swift /Users/renekeller/Google\ Antigravity\ Project\ Folder/DragonShield/DragonShield/Ichimoku/Services/IchimokuReportService.swift /Users/renekeller/Google\ Antigravity\ Project\ Folder/DragonShield/DragonShield/Ichimoku/Services/IchimokuScheduler.swift /Users/renekeller/Google\ Antigravity\ Project\ Folder/DragonShield/DragonShield/Ichimoku/Services/IchimokuSettingsService.swift /Users/renekeller/Google\ Antigravity\ Project\ Folder/DragonShield/DragonShield/Ichimoku/Services/IchimokuSignalEngine.swift /Users/renekeller/Google\ Antigravity\ Project\ Folder/DragonShield/DragonShield/Ichimoku/Services/IchimokuUniverseService.swift /Users/renekeller/Google\ Antigravity\ Project\ Folder/DragonShield/DragonShield/Ichimoku/ViewModels/IchimokuDragonViewModel.swift /Users/renekeller/Google\ Antigravity\ Project\ Folder/DragonShield/DragonShield/Ichimoku/Views/IchimokuDragonView.swift /Users/renekeller/Google\ Antigravity\ Project\ Folder/DragonShield/DragonShield/Models/Attachment.swift /Users/renekeller/Google\ Antigravity\ Project\ Folder/DragonShield/DragonShield/Models/InstrumentNote.swift /Users/renekeller/Google\ Antigravity\ Project\ Folder/DragonShield/DragonShield/Models/Link.swift /Users/renekeller/Google\ Antigravity\ Project\ Folder/DragonShield/DragonShield/Models/PortfolioTheme.swift /Users/renekeller/Google\ Antigravity\ Project\ Folder/DragonShield/DragonShield/Models/PortfolioThemeAsset.swift /Users/renekeller/Google\ Antigravity\ Project\ Folder/DragonShield/DragonShield/Models/PortfolioThemeAssetUpdate.swift /Users/renekeller/Google\ Antigravity\ Project\ Folder/DragonShield/DragonShield/Models/PortfolioThemeStatus.swift /Users/renekeller/Google\ Antigravity\ Project\ Folder/DragonShield/DragonShield/Models/PortfolioThemeUpdate.swift /Users/renekeller/Google\ Antigravity\ Project\ Folder/DragonShield/DragonShield/Models/PortfolioUpdateType.swift /Users/renekeller/Google\ Antigravity\ Project\ Folder/DragonShield/DragonShield/Models/ThemeStatusColorPresets.swift /Users/renekeller/Google\ Antigravity\ Project\ Folder/DragonShield/DragonShield/Repositories/AlertRepository.swift /Users/renekeller/Google\ Antigravity\ Project\ Folder/DragonShield/DragonShield/Repositories/AlertTriggerTypeRepository.swift /Users/renekeller/Google\ Antigravity\ Project\ Folder/DragonShield/DragonShield/Repositories/NewsTypeRepository.swift /Users/renekeller/Google\ Antigravity\ Project\ Folder/DragonShield/DragonShield/Repositories/TagRepository.swift /Users/renekeller/Google\ Antigravity\ Project\ Folder/DragonShield/DragonShield/Services/FXProviders/ExchangerateHostProvider.swift /Users/renekeller/Google\ Antigravity\ Project\ Folder/DragonShield/DragonShield/Services/FXProviders/FrankfurterProvider.swift /Users/renekeller/Google\ Antigravity\ Project\ Folder/DragonShield/DragonShield/Services/FXProviders/FXProvider.swift /Users/renekeller/Google\ Antigravity\ Project\ Folder/DragonShield/DragonShield/Services/PriceProviders/CoinGeckoProvider.swift /Users/renekeller/Google\ Antigravity\ Project\ Folder/DragonShield/DragonShield/Services/PriceProviders/FinnhubProvider.swift /Users/renekeller/Google\ Antigravity\ Project\ Folder/DragonShield/DragonShield/Services/PriceProviders/PriceProvider.swift /Users/renekeller/Google\ Antigravity\ Project\ Folder/DragonShield/DragonShield/Services/PriceProviders/YahooFinanceProvider.swift /Users/renekeller/Google\ Antigravity\ Project\ Folder/DragonShield/DragonShield/Services/Security/KeychainService.swift /Users/renekeller/Google\ Antigravity\ Project\ Folder/DragonShield/DragonShield/Services/AttachmentService.swift /Users/renekeller/Google\ Antigravity\ Project\ Folder/DragonShield/DragonShield/Services/FXUpdateService.swift /Users/renekeller/Google\ Antigravity\ Project\ Folder/DragonShield/DragonShield/Services/IOSSnapshotExportService.swift /Users/renekeller/Google\ Antigravity\ Project\ Folder/DragonShield/DragonShield/Services/LinkService.swift /Users/renekeller/Google\ Antigravity\ Project\ Folder/DragonShield/DragonShield/Services/PriceUpdateService.swift /Users/renekeller/Google\ Antigravity\ Project\ Folder/DragonShield/DragonShield/Shared/KanbanFontSize.swift /Users/renekeller/Google\ Antigravity\ Project\ Folder/DragonShield/DragonShield/Shared/KanbanModels.swift /Users/renekeller/Google\ Antigravity\ Project\ Folder/DragonShield/DragonShield/Shared/KanbanSortMode.swift /Users/renekeller/Google\ Antigravity\ Project\ Folder/DragonShield/DragonShield/ViewModels/AccountDetailWindowViewModel.swift /Users/renekeller/Google\ Antigravity\ Project\ Folder/DragonShield/DragonShield/ViewModels/AssetManagementReportViewModel.swift /Users/renekeller/Google\ Antigravity\ Project\ Folder/DragonShield/DragonShield/ViewModels/CurrencyExposureViewModel.swift /Users/renekeller/Google\ Antigravity\ Project\ Folder/DragonShield/DragonShield/ViewModels/ExchangeRatesViewModel.swift /Users/renekeller/Google\ Antigravity\ Project\ Folder/DragonShield/DragonShield/ViewModels/PositionsViewModel.swift /Users/renekeller/Google\ Antigravity\ Project\ Folder/DragonShield/DragonShield/ViewModels/PriceMaintenanceSimplifiedViewModel.swift /Users/renekeller/Google\ Antigravity\ Project\ Folder/DragonShield/DragonShield/ViewModels/RiskBucketsViewModel.swift /Users/renekeller/Google\ Antigravity\ Project\ Folder/DragonShield/DragonShield/ViewModels/StaleAccountsViewModel.swift /Users/renekeller/Google\ Antigravity\ Project\ Folder/DragonShield/DragonShield/ViewModels/TargetAllocationViewModel.swift /Users/renekeller/Google\ Antigravity\ Project\ Folder/DragonShield/DragonShield/Views/AllocationDashboard/AllocationDashboardComponents.swift /Users/renekeller/Google\ Antigravity\ Project\ Folder/DragonShield/DragonShield/Views/AllocationDashboard/AllocationDashboardView.swift /Users/renekeller/Google\ Antigravity\ Project\ Folder/DragonShield/DragonShield/Views/AllocationDashboard/AllocationDashboardViewModel.swift /Users/renekeller/Google\ Antigravity\ Project\ Folder/DragonShield/DragonShield/Views/Components/MaintenanceTable/MaintenanceTableTypes.swift /Users/renekeller/Google\ Antigravity\ Project\ Folder/DragonShield/DragonShield/Views/Components/MaintenanceTable/MaintenanceTableView.swift /Users/renekeller/Google\ Antigravity\ Project\ Folder/DragonShield/DragonShield/Views/Components/MaintenanceTable/ResizableTableViewModel.swift /Users/renekeller/Google\ Antigravity\ Project\ Folder/DragonShield/DragonShield/Views/Components/FloatingSearchPicker.swift /Users/renekeller/Google\ Antigravity\ Project\ Folder/DragonShield/DragonShield/Views/Components/MacComboBox.swift /Users/renekeller/Google\ Antigravity\ Project\ Folder/DragonShield/DragonShield/Views/DashboardTiles/AccountsNeedingUpdateTile.swift /Users/renekeller/Google\ Antigravity\ Project\ Folder/DragonShield/DragonShield/Views/DashboardTiles/CryptoTop5Tile.swift /Users/renekeller/Google\ Antigravity\ Project\ Folder/DragonShield/DragonShield/Views/DashboardTiles/CurrencyExposureTile.swift /Users/renekeller/Google\ Antigravity\ Project\ Folder/DragonShield/DragonShield/Views/DashboardTiles/DashboardTiles.swift /Users/renekeller/Google\ Antigravity\ Project\ Folder/DragonShield/DragonShield/Views/DashboardTiles/InstrumentDashboardTile.swift /Users/renekeller/Google\ Antigravity\ Project\ Folder/DragonShield/DragonShield/Views/DashboardTiles/RiskBucketsTile.swift /Users/renekeller/Google\ Antigravity\ Project\ Folder/DragonShield/DragonShield/Views/DashboardTiles/TodoDashboardTile.swift /Users/renekeller/Google\ Antigravity\ Project\ Folder/DragonShield/DragonShield/Views/DashboardTiles/UnthemedInstrumentsTile.swift /Users/renekeller/Google\ Antigravity\ Project\ Folder/DragonShield/DragonShield/Views/DashboardTiles/UnusedInstrumentsTile.swift /Users/renekeller/Google\ Antigravity\ Project\ Folder/DragonShield/DragonShield/Views/DashboardTiles/UpcomingAlertsTile.swift /Users/renekeller/Google\ Antigravity\ Project\ Folder/DragonShield/DragonShield/Views/AccountDetailWindowView.swift /Users/renekeller/Google\ Antigravity\ Project\ Folder/DragonShield/DragonShield/Views/AccountPromptView.swift /Users/renekeller/Google\ Antigravity\ Project\ Folder/DragonShield/DragonShield/Views/AccountsView.swift /Users/renekeller/Google\ Antigravity\ Project\ Folder/DragonShield/DragonShield/Views/AccountTypesView.swift /Users/renekeller/Google\ Antigravity\ Project\ Folder/DragonShield/DragonShield/Views/AddAccountTypeView.swift /Users/renekeller/Google\ Antigravity\ Project\ Folder/DragonShield/DragonShield/Views/AddInstrumentView.swift /Users/renekeller/Google\ Antigravity\ Project\ Folder/DragonShield/DragonShield/Views/AddPortfolioThemeView.swift /Users/renekeller/Google\ Antigravity\ Project\ Folder/DragonShield/DragonShield/Views/AlertsSettingsView.swift /Users/renekeller/Google\ Antigravity\ Project\ Folder/DragonShield/DragonShield/Views/AlertsTimelineView.swift /Users/renekeller/Google\ Antigravity\ Project\ Folder/DragonShield/DragonShield/Views/AlertTriggerTypeSettingsView.swift /Users/renekeller/Google\ Antigravity\ Project\ Folder/DragonShield/DragonShield/Views/AllNotesView.swift /Users/renekeller/Google\ Antigravity\ Project\ Folder/DragonShield/DragonShield/Views/AllocationHeatMapTile.swift /Users/renekeller/Google\ Antigravity\ Project\ Folder/DragonShield/DragonShield/Views/AllocationTargetsTableView.swift /Users/renekeller/Google\ Antigravity\ Project\ Folder/DragonShield/DragonShield/Views/ApplicationStartupView.swift /Users/renekeller/Google\ Antigravity\ Project\ Folder/DragonShield/DragonShield/Views/AssetClassesView.swift /Users/renekeller/Google\ Antigravity\ Project\ Folder/DragonShield/DragonShield/Views/AssetManagementReportView.swift /Users/renekeller/Google\ Antigravity\ Project\ Folder/DragonShield/DragonShield/Views/AssetMenuView.swift /Users/renekeller/Google\ Antigravity\ Project\ Folder/DragonShield/DragonShield/Views/AssetSubClassPicker.swift /Users/renekeller/Google\ Antigravity\ Project\ Folder/DragonShield/DragonShield/Views/AutosaveTableView.swift /Users/renekeller/Google\ Antigravity\ Project\ Folder/DragonShield/DragonShield/Views/BankStatementCard.swift /Users/renekeller/Google\ Antigravity\ Project\ Folder/DragonShield/DragonShield/Views/ClassManagementView.swift /Users/renekeller/Google\ Antigravity\ Project\ Folder/DragonShield/DragonShield/Views/ContentView.swift /Users/renekeller/Google\ Antigravity\ Project\ Folder/DragonShield/DragonShield/Views/CurrenciesView.swift /Users/renekeller/Google\ Antigravity\ Project\ Folder/DragonShield/DragonShield/Views/DashboardView.swift /Users/renekeller/Google\ Antigravity\ Project\ Folder/DragonShield/DragonShield/Views/DatabaseManagementView.swift /Users/renekeller/Google\ Antigravity\ Project\ Folder/DragonShield/DragonShield/Views/DataImportExportView.swift /Users/renekeller/Google\ Antigravity\ Project\ Folder/DragonShield/DragonShield/Views/DeviationChip.swift /Users/renekeller/Google\ Antigravity\ Project\ Folder/DragonShield/DragonShield/Views/EditAccountTypeView.swift /Users/renekeller/Google\ Antigravity\ Project\ Folder/DragonShield/DragonShield/Views/EditPortfolioThemeView.swift /Users/renekeller/Google\ Antigravity\ Project\ Folder/DragonShield/DragonShield/Views/ExchangeRatesView.swift /Users/renekeller/Google\ Antigravity\ Project\ Folder/DragonShield/DragonShield/Views/FetchResultsReportView.swift /Users/renekeller/Google\ Antigravity\ Project\ Folder/DragonShield/DragonShield/Views/HealthCheckResultsView.swift /Users/renekeller/Google\ Antigravity\ Project\ Folder/DragonShield/DragonShield/Views/ImportSessionHistoryView.swift /Users/renekeller/Google\ Antigravity\ Project\ Folder/DragonShield/DragonShield/Views/ImportSummaryPanel.swift /Users/renekeller/Google\ Antigravity\ Project\ Folder/DragonShield/DragonShield/Views/ImportSummaryView.swift /Users/renekeller/Google\ Antigravity\ Project\ Folder/DragonShield/DragonShield/Views/InstitutionsAUMTile.swift /Users/renekeller/Google\ Antigravity\ Project\ Folder/DragonShield/DragonShield/Views/InstitutionsView.swift /Users/renekeller/Google\ Antigravity\ Project\ Folder/DragonShield/DragonShield/Views/InstrumentDashboardWindowView.swift /Users/renekeller/Google\ Antigravity\ Project\ Folder/DragonShield/DragonShield/Views/InstrumentEditView.swift /Users/renekeller/Google\ Antigravity\ Project\ Folder/DragonShield/DragonShield/Views/InstrumentNoteEditorView.swift /Users/renekeller/Google\ Antigravity\ Project\ Folder/DragonShield/DragonShield/Views/InstrumentNotesView.swift /Users/renekeller/Google\ Antigravity\ Project\ Folder/DragonShield/DragonShield/Views/InstrumentPromptView.swift /Users/renekeller/Google\ Antigravity\ Project\ Folder/DragonShield/DragonShield/Views/InstrumentThemeChooserView.swift /Users/renekeller/Google\ Antigravity\ Project\ Folder/DragonShield/DragonShield/Views/InstrumentTypesView.swift /Users/renekeller/Google\ Antigravity\ Project\ Folder/DragonShield/DragonShield/Views/InstrumentUpdateEditorView.swift /Users/renekeller/Google\ Antigravity\ Project\ Folder/DragonShield/DragonShield/Views/InstrumentUpdatesView.swift /Users/renekeller/Google\ Antigravity\ Project\ Folder/DragonShield/DragonShield/Views/LogViewerView.swift /Users/renekeller/Google\ Antigravity\ Project\ Folder/DragonShield/DragonShield/Views/MasonryLayout.swift /Users/renekeller/Google\ Antigravity\ Project\ Folder/DragonShield/DragonShield/Views/ModeBadge.swift /Users/renekeller/Google\ Antigravity\ Project\ Folder/DragonShield/DragonShield/Views/NewDashboardView.swift /Users/renekeller/Google\ Antigravity\ Project\ Folder/DragonShield/DragonShield/Views/NewPortfoliosView.swift /Users/renekeller/Google\ Antigravity\ Project\ Folder/DragonShield/DragonShield/Views/NewsTypeSettingsView.swift /Users/renekeller/Google\ Antigravity\ Project\ Folder/DragonShield/DragonShield/Views/NewThemeUpdateView.swift /Users/renekeller/Google\ Antigravity\ Project\ Folder/DragonShield/DragonShield/Views/NoteEditorView.swift /Users/renekeller/Google\ Antigravity\ Project\ Folder/DragonShield/DragonShield/Views/PortfolioThemeUpdatesView.swift /Users/renekeller/Google\ Antigravity\ Project\ Folder/DragonShield/DragonShield/Views/PortfolioThemeWorkspaceView.swift /Users/renekeller/Google\ Antigravity\ Project\ Folder/DragonShield/DragonShield/Views/PortfolioView.swift /Users/renekeller/Google\ Antigravity\ Project\ Folder/DragonShield/DragonShield/Views/PositionFormView.swift /Users/renekeller/Google\ Antigravity\ Project\ Folder/DragonShield/DragonShield/Views/PositionReviewView.swift /Users/renekeller/Google\ Antigravity\ Project\ Folder/DragonShield/DragonShield/Views/PositionsView.swift /Users/renekeller/Google\ Antigravity\ Project\ Folder/DragonShield/DragonShield/Views/PriceHistoryView.swift /Users/renekeller/Google\ Antigravity\ Project\ Folder/DragonShield/DragonShield/Views/PriceMaintenanceSimplifiedView.swift /Users/renekeller/Google\ Antigravity\ Project\ Folder/DragonShield/DragonShield/Views/RebalancingView.swift /Users/renekeller/Google\ Antigravity\ Project\ Folder/DragonShield/DragonShield/Views/RestoreComparisonView.swift /Users/renekeller/Google\ Antigravity\ Project\ Folder/DragonShield/DragonShield/Views/RiskScorecardView.swift /Users/renekeller/Google\ Antigravity\ Project\ Folder/DragonShield/DragonShield/Views/SettingsView.swift /Users/renekeller/Google\ Antigravity\ Project\ Folder/DragonShield/DragonShield/Views/SidebarView.swift /Users/renekeller/Google\ Antigravity\ Project\ Folder/DragonShield/DragonShield/Views/SymbolFormatHelpView.swift /Users/renekeller/Google\ Antigravity\ Project\ Folder/DragonShield/DragonShield/Views/TagSettingsView.swift /Users/renekeller/Google\ Antigravity\ Project\ Folder/DragonShield/DragonShield/Views/TargetEditPanel.swift /Users/renekeller/Google\ Antigravity\ Project\ Folder/DragonShield/DragonShield/Views/ThemeStatusSettingsView.swift /Users/renekeller/Google\ Antigravity\ Project\ Folder/DragonShield/DragonShield/Views/ThemeUpdateEditorView.swift /Users/renekeller/Google\ Antigravity\ Project\ Folder/DragonShield/DragonShield/Views/TilePickerView.swift /Users/renekeller/Google\ Antigravity\ Project\ Folder/DragonShield/DragonShield/Views/TradeFormView.swift /Users/renekeller/Google\ Antigravity\ Project\ Folder/DragonShield/DragonShield/Views/TradesHistoryView.swift /Users/renekeller/Google\ Antigravity\ Project\ Folder/DragonShield/DragonShield/Views/TransactionHistoryView.swift /Users/renekeller/Google\ Antigravity\ Project\ Folder/DragonShield/DragonShield/Views/TransactionsView.swift /Users/renekeller/Google\ Antigravity\ Project\ Folder/DragonShield/DragonShield/Views/TransactionTypesView.swift /Users/renekeller/Google\ Antigravity\ Project\ Folder/DragonShield/DragonShield/Views/UnusedInstrumentsReportView.swift /Users/renekeller/Google\ Antigravity\ Project\ Folder/DragonShield/DragonShield/Views/ValueReportView.swift /Users/renekeller/Google\ Antigravity\ Project\ Folder/DragonShield/DragonShield/AppConfiguration.swift /Users/renekeller/Google\ Antigravity\ Project\ Folder/DragonShield/DragonShield/AssetManager.swift /Users/renekeller/Google\ Antigravity\ Project\ Folder/DragonShield/DragonShield/BackupService.swift /Users/renekeller/Google\ Antigravity\ Project\ Folder/DragonShield/DragonShield/BankRecordRepository.swift /Users/renekeller/Google\ Antigravity\ Project\ Folder/DragonShield/DragonShield/CreditSuissePositionParser.swift /Users/renekeller/Google\ Antigravity\ Project\ Folder/DragonShield/DragonShield/CreditSuisseXLSXProcessor.swift /Users/renekeller/Google\ Antigravity\ Project\ Folder/DragonShield/DragonShield/CSVParsingService.swift /Users/renekeller/Google\ Antigravity\ Project\ Folder/DragonShield/DragonShield/CSVProcessor.swift /Users/renekeller/Google\ Antigravity\ Project\ Folder/DragonShield/DragonShield/DatabaseDiagnostics.swift /Users/renekeller/Google\ Antigravity\ Project\ Folder/DragonShield/DragonShield/DatabaseManager.swift /Users/renekeller/Google\ Antigravity\ Project\ Folder/DragonShield/DragonShield/DatabaseManager+Accounts.swift /Users/renekeller/Google\ Antigravity\ Project\ Folder/DragonShield/DragonShield/DatabaseManager+AccountTypes.swift /Users/renekeller/Google\ Antigravity\ Project\ Folder/DragonShield/DragonShield/DatabaseManager+AlertReference.swift /Users/renekeller/Google\ Antigravity\ Project\ Folder/DragonShield/DragonShield/DatabaseManager+Alerts.swift /Users/renekeller/Google\ Antigravity\ Project\ Folder/DragonShield/DragonShield/DatabaseManager+AlertTriggerType.swift /Users/renekeller/Google\ Antigravity\ Project\ Folder/DragonShield/DragonShield/DatabaseManager+AssetClasses.swift /Users/renekeller/Google\ Antigravity\ Project\ Folder/DragonShield/DragonShield/DatabaseManager+Attachments.swift /Users/renekeller/Google\ Antigravity\ Project\ Folder/DragonShield/DragonShield/DatabaseManager+Configuration.swift /Users/renekeller/Google\ Antigravity\ Project\ Folder/DragonShield/DragonShield/DatabaseManager+Currencies.swift /Users/renekeller/Google\ Antigravity\ Project\ Folder/DragonShield/DragonShield/DatabaseManager+Dashboard.swift /Users/renekeller/Google\ Antigravity\ Project\ Folder/DragonShield/DragonShield/DatabaseManager+EventCalendar.swift /Users/renekeller/Google\ Antigravity\ Project\ Folder/DragonShield/DragonShield/DatabaseManager+ExchangeRates.swift /Users/renekeller/Google\ Antigravity\ Project\ Folder/DragonShield/DragonShield/DatabaseManager+Export.swift /Users/renekeller/Google\ Antigravity\ Project\ Folder/DragonShield/DragonShield/DatabaseManager+FxRateUpdates.swift /Users/renekeller/Google\ Antigravity\ Project\ Folder/DragonShield/DragonShield/DatabaseManager+ImportSessions.swift /Users/renekeller/Google\ Antigravity\ Project\ Folder/DragonShield/DragonShield/DatabaseManager+Institutions.swift /Users/renekeller/Google\ Antigravity\ Project\ Folder/DragonShield/DragonShield/DatabaseManager+InstrumentNotes.swift /Users/renekeller/Google\ Antigravity\ Project\ Folder/DragonShield/DragonShield/DatabaseManager+InstrumentPrice.swift /Users/renekeller/Google\ Antigravity\ Project\ Folder/DragonShield/DragonShield/DatabaseManager+InstrumentPriceSource.swift /Users/renekeller/Google\ Antigravity\ Project\ Folder/DragonShield/DragonShield/DatabaseManager+Instruments.swift /Users/renekeller/Google\ Antigravity\ Project\ Folder/DragonShield/DragonShield/DatabaseManager+InstrumentTypes.swift /Users/renekeller/Google\ Antigravity\ Project\ Folder/DragonShield/DragonShield/DatabaseManager+Links.swift /Users/renekeller/Google\ Antigravity\ Project\ Folder/DragonShield/DragonShield/DatabaseManager+Lookups.swift /Users/renekeller/Google\ Antigravity\ Project\ Folder/DragonShield/DragonShield/DatabaseManager+NewsType.swift /Users/renekeller/Google\ Antigravity\ Project\ Folder/DragonShield/DragonShield/DatabaseManager+OtherData.swift /Users/renekeller/Google\ Antigravity\ Project\ Folder/DragonShield/DragonShield/DatabaseManager+Portfolios.swift /Users/renekeller/Google\ Antigravity\ Project\ Folder/DragonShield/DragonShield/DatabaseManager+PortfolioTargets.swift /Users/renekeller/Google\ Antigravity\ Project\ Folder/DragonShield/DragonShield/DatabaseManager+PortfolioThemeAssets.swift /Users/renekeller/Google\ Antigravity\ Project\ Folder/DragonShield/DragonShield/DatabaseManager+PortfolioThemeAssetUpdates.swift /Users/renekeller/Google\ Antigravity\ Project\ Folder/DragonShield/DragonShield/DatabaseManager+PortfolioThemes.swift /Users/renekeller/Google\ Antigravity\ Project\ Folder/DragonShield/DragonShield/DatabaseManager+PortfolioThemeStatus.swift /Users/renekeller/Google\ Antigravity\ Project\ Folder/DragonShield/DragonShield/DatabaseManager+PortfolioThemeUpdates.swift /Users/renekeller/Google\ Antigravity\ Project\ Folder/DragonShield/DragonShield/DatabaseManager+PositionReports.swift /Users/renekeller/Google\ Antigravity\ Project\ Folder/DragonShield/DragonShield/DatabaseManager+SchemaHelpers.swift /Users/renekeller/Google\ Antigravity\ Project\ Folder/DragonShield/DragonShield/DatabaseManager+SystemJobs.swift /Users/renekeller/Google\ Antigravity\ Project\ Folder/DragonShield/DragonShield/DatabaseManager+Tag.swift /Users/renekeller/Google\ Antigravity\ Project\ Folder/DragonShield/DragonShield/DatabaseManager+Trades.swift /Users/renekeller/Google\ Antigravity\ Project\ Folder/DragonShield/DragonShield/DatabaseManager+TransactionHistory.swift /Users/renekeller/Google\ Antigravity\ Project\ Folder/DragonShield/DragonShield/DatabaseManager+TransactionTypes.swift /Users/renekeller/Google\ Antigravity\ Project\ Folder/DragonShield/DragonShield/DatabaseTest.swift /Users/renekeller/Google\ Antigravity\ Project\ Folder/DragonShield/DragonShield/DataValidationService.swift /Users/renekeller/Google\ Antigravity\ Project\ Folder/DragonShield/DragonShield/DragonShieldApp.swift /Users/renekeller/Google\ Antigravity\ Project\ Folder/DragonShield/DragonShield/FXConversionService.swift /Users/renekeller/Google\ Antigravity\ Project\ Folder/DragonShield/DragonShield/ImportManager.swift /Users/renekeller/Google\ Antigravity\ Project\ Folder/DragonShield/DragonShield/InstrumentReportService.swift /Users/renekeller/Google\ Antigravity\ Project\ Folder/DragonShield/DragonShield/InstrumentUsageRepository.swift /Users/renekeller/Google\ Antigravity\ Project\ Folder/DragonShield/DragonShield/Logger.swift /Users/renekeller/Google\ Antigravity\ Project\ Folder/DragonShield/DragonShield/LoggingService.swift /Users/renekeller/Google\ Antigravity\ Project\ Folder/DragonShield/DragonShield/MyBankRecord.swift /Users/renekeller/Google\ Antigravity\ Project\ Folder/DragonShield/DragonShield/OSLogType+Warning.swift /Users/renekeller/Google\ Antigravity\ Project\ Folder/DragonShield/DragonShield/PortfolioValuationService.swift /Users/renekeller/Google\ Antigravity\ Project\ Folder/DragonShield/DragonShield/PositionReportRepository.swift /Users/renekeller/Google\ Antigravity\ Project\ Folder/DragonShield/DragonShield/RiskMetricsService.swift /Users/renekeller/Google\ Antigravity\ Project\ Folder/DragonShield/DragonShield/ThemeAssetUpdateRepository.swift /Users/renekeller/Google\ Antigravity\ Project\ Folder/DragonShield/DragonShield/ThemeUpdateLinkRepository.swift /Users/renekeller/Google\ Antigravity\ Project\ Folder/DragonShield/DragonShield/ThemeUpdateRepository.swift /Users/renekeller/Google\ Antigravity\ Project\ Folder/DragonShield/DragonShield/XLSXParsingService.swift /Users/renekeller/Google\ Antigravity\ Project\ Folder/DragonShield/DragonShield/XLSXProcessor.swift /Users/renekeller/Google\ Antigravity\ Project\ Folder/DragonShield/DragonShield/ZKBStatementParser.swift /Users/renekeller/Google\ Antigravity\ Project\ Folder/DragonShield/Model/Asset.swift /Users/renekeller/Library/Developer/Xcode/DerivedData/DragonShield-cnvvhvblgwlctgatdxxurlmxejof/Build/Intermediates.noindex/DragonShield.build/Release/DragonShield.build/DerivedSources/GeneratedAssetSymbols.swift /Applications/Xcode.app/Contents/Developer/Toolchains/XcodeDefault.xctoolchain/usr/lib/swift/macosx/prebuilt-modules/26.1/_StringProcessing.swiftmodule/arm64e-apple-macos.swiftmodule /Applications/Xcode.app/Contents/Developer/Toolchains/XcodeDefault.xctoolchain/usr/lib/swift/macosx/prebuilt-modules/26.1/os.swiftmodule/arm64e-apple-macos.swiftmodule /Applications/Xcode.app/Contents/Developer/Toolchains/XcodeDefault.xctoolchain/usr/lib/swift/macosx/prebuilt-modules/26.1/_Concurrency.swiftmodule/arm64e-apple-macos.swiftmodule /Applications/Xcode.app/Contents/Developer/Toolchains/XcodeDefault.xctoolchain/usr/lib/swift/macosx/prebuilt-modules/26.1/Combine.swiftmodule/arm64e-apple-macos.swiftmodule /Applications/Xcode.app/Contents/Developer/Toolchains/XcodeDefault.xctoolchain/usr/lib/swift/macosx/prebuilt-modules/26.1/Foundation.swiftmodule/arm64e-apple-macos.swiftmodule /Applications/Xcode.app/Contents/Developer/Toolchains/XcodeDefault.xctoolchain/usr/lib/swift/macosx/prebuilt-modules/26.1/AppKit.swiftmodule/arm64e-apple-macos.swiftmodule /Applications/Xcode.app/Contents/Developer/Toolchains/XcodeDefault.xctoolchain/usr/lib/swift/macosx/prebuilt-modules/26.1/CoreVideo.swiftmodule/arm64e-apple-macos.swiftmodule /Applications/Xcode.app/Contents/Developer/Toolchains/XcodeDefault.xctoolchain/usr/lib/swift/macosx/prebuilt-modules/26.1/Accessibility.swiftmodule/arm64e-apple-macos.swiftmodule /Applications/Xcode.app/Contents/Developer/Toolchains/XcodeDefault.xctoolchain/usr/lib/swift/macosx/prebuilt-modules/26.1/DeveloperToolsSupport.swiftmodule/arm64e-apple-macos.swiftmodule /Applications/Xcode.app/Contents/Developer/Toolchains/XcodeDefault.xctoolchain/usr/lib/swift/macosx/prebuilt-modules/26.1/CoreFoundation.swiftmodule/arm64e-apple-macos.swiftmodule /Applications/Xcode.app/Contents/Developer/Toolchains/XcodeDefault.xctoolchain/usr/lib/swift/macosx/prebuilt-modules/26.1/IOKit.swiftmodule/arm64e-apple-macos.swiftmodule /Applications/Xcode.app/Contents/Developer/Toolchains/XcodeDefault.xctoolchain/usr/lib/swift/macosx/prebuilt-modules/26.1/_Builtin_float.swiftmodule/arm64e-apple-macos.swiftmodule /Applications/Xcode.app/Contents/Developer/Toolchains/XcodeDefault.xctoolchain/usr/lib/swift/macosx/prebuilt-modules/26.1/Observation.swiftmodule/arm64e-apple-macos.swiftmodule /Applications/Xcode.app/Contents/Developer/Toolchains/XcodeDefault.xctoolchain/usr/lib/swift/macosx/prebuilt-modules/26.1/simd.swiftmodule/arm64e-apple-macos.swiftmodule /Applications/Xcode.app/Contents/Developer/Toolchains/XcodeDefault.xctoolchain/usr/lib/swift/macosx/prebuilt-modules/26.1/Symbols.swiftmodule/arm64e-apple-macos.swiftmodule /Applications/Xcode.app/Contents/Developer/Toolchains/XcodeDefault.xctoolchain/usr/lib/swift/macosx/prebuilt-modules/26.1/ObjectiveC.swiftmodule/arm64e-apple-macos.swiftmodule /Applications/Xcode.app/Contents/Developer/Toolchains/XcodeDefault.xctoolchain/usr/lib/swift/macosx/prebuilt-modules/26.1/CoreImage.swiftmodule/arm64e-apple-macos.swiftmodule /Applications/Xcode.app/Contents/Developer/Toolchains/XcodeDefault.xctoolchain/usr/lib/swift/macosx/prebuilt-modules/26.1/CoreData.swiftmodule/arm64e-apple-macos.swiftmodule /Users/renekeller/Library/Developer/Xcode/DerivedData/DragonShield-cnvvhvblgwlctgatdxxurlmxejof/Build/Products/Release/SQLite.swiftmodule/arm64-apple-macos.swiftmodule /Applications/Xcode.app/Contents/Developer/Toolchains/XcodeDefault.xctoolchain/usr/lib/swift/macosx/prebuilt-modules/26.1/Swift.swiftmodule/arm64e-apple-macos.swiftmodule /Applications/Xcode.app/Contents/Developer/Toolchains/XcodeDefault.xctoolchain/usr/lib/swift/macosx/prebuilt-modules/26.1/SwiftUICore.swiftmodule/arm64e-apple-macos.swiftmodule /Applications/Xcode.app/Contents/Developer/Toolchains/XcodeDefault.xctoolchain/usr/lib/swift/macosx/prebuilt-modules/26.1/LocalAuthentication.swiftmodule/arm64e-apple-macos.swiftmodule /Applications/Xcode.app/Contents/Developer/Toolchains/XcodeDefault.xctoolchain/usr/lib/swift/macosx/prebuilt-modules/26.1/_DarwinFoundation2.swiftmodule/arm64e-apple-macos.swiftmodule /Applications/Xcode.app/Contents/Developer/Toolchains/XcodeDefault.xctoolchain/usr/lib/swift/macosx/prebuilt-modules/26.1/OSLog.swiftmodule/arm64e-apple-macos.swiftmodule /Applications/Xcode.app/Contents/Developer/Toolchains/XcodeDefault.xctoolchain/usr/lib/swift/macosx/prebuilt-modules/26.1/CoreText.swiftmodule/arm64e-apple-macos.swiftmodule /Applications/Xcode.app/Contents/Developer/Toolchains/XcodeDefault.xctoolchain/usr/lib/swift/macosx/prebuilt-modules/26.1/QuartzCore.swiftmodule/arm64e-apple-macos.swiftmodule /Applications/Xcode.app/Contents/Developer/Toolchains/XcodeDefault.xctoolchain/usr/lib/swift/macosx/prebuilt-modules/26.1/System.swiftmodule/arm64e-apple-macos.swiftmodule /Applications/Xcode.app/Contents/Developer/Toolchains/XcodeDefault.xctoolchain/usr/lib/swift/macosx/prebuilt-modules/26.1/CoreGraphics.swiftmodule/arm64e-apple-macos.swiftmodule /Applications/Xcode.app/Contents/Developer/Toolchains/XcodeDefault.xctoolchain/usr/lib/swift/macosx/prebuilt-modules/26.1/Spatial.swiftmodule/arm64e-apple-macos.swiftmodule /Applications/Xcode.app/Contents/Developer/Toolchains/XcodeDefault.xctoolchain/usr/lib/swift/macosx/prebuilt-modules/26.1/_DarwinFoundation1.swiftmodule/arm64e-apple-macos.swiftmodule /Applications/Xcode.app/Contents/Developer/Toolchains/XcodeDefault.xctoolchain/usr/lib/swift/macosx/prebuilt-modules/26.1/DataDetection.swiftmodule/arm64e-apple-macos.swiftmodule /Applications/Xcode.app/Contents/Developer/Toolchains/XcodeDefault.xctoolchain/usr/lib/swift/macosx/prebuilt-modules/26.1/CoreTransferable.swiftmodule/arm64e-apple-macos.swiftmodule /Applications/Xcode.app/Contents/Developer/Toolchains/XcodeDefault.xctoolchain/usr/lib/swift/macosx/prebuilt-modules/26.1/SwiftUI.swiftmodule/arm64e-apple-macos.swiftmodule /Applications/Xcode.app/Contents/Developer/Toolchains/XcodeDefault.xctoolchain/usr/lib/swift/macosx/prebuilt-modules/26.1/Dispatch.swiftmodule/arm64e-apple-macos.swiftmodule /Applications/Xcode.app/Contents/Developer/Toolchains/XcodeDefault.xctoolchain/usr/lib/swift/macosx/prebuilt-modules/26.1/_DarwinFoundation3.swiftmodule/arm64e-apple-macos.swiftmodule /Applications/Xcode.app/Contents/Developer/Toolchains/XcodeDefault.xctoolchain/usr/lib/swift/macosx/prebuilt-modules/26.1/CryptoKit.swiftmodule/arm64e-apple-macos.swiftmodule /Applications/Xcode.app/Contents/Developer/Toolchains/XcodeDefault.xctoolchain/usr/lib/swift/macosx/prebuilt-modules/26.1/XPC.swiftmodule/arm64e-apple-macos.swiftmodule /Applications/Xcode.app/Contents/Developer/Toolchains/XcodeDefault.xctoolchain/usr/lib/swift/macosx/prebuilt-modules/26.1/Darwin.swiftmodule/arm64e-apple-macos.swiftmodule /Applications/Xcode.app/Contents/Developer/Toolchains/XcodeDefault.xctoolchain/usr/lib/swift/macosx/prebuilt-modules/26.1/Metal.swiftmodule/arm64e-apple-macos.swiftmodule /Applications/Xcode.app/Contents/Developer/Toolchains/XcodeDefault.xctoolchain/usr/lib/swift/macosx/prebuilt-modules/26.1/Charts.swiftmodule/arm64e-apple-macos.swiftmodule /Applications/Xcode.app/Contents/Developer/Toolchains/XcodeDefault.xctoolchain/usr/lib/swift/macosx/prebuilt-modules/26.1/UniformTypeIdentifiers.swiftmodule/arm64e-apple-macos.swiftmodule /Users/renekeller/Library/Developer/Xcode/DerivedData/ModuleCache.noindex/CoreText-157FJSJYLLEF5OITUC99BDLJR.pcm /Users/renekeller/Library/Developer/Xcode/DerivedData/ModuleCache.noindex/_Builtin_stdarg-1BTGA51I6L3NCQ0ZOCYKLU87P.pcm /Users/renekeller/Library/Developer/Xcode/DerivedData/ModuleCache.noindex/ApplicationServices-7MR9EA58BKLY22KYRGB3KZA4F.pcm /Users/renekeller/Library/Developer/Xcode/DerivedData/ModuleCache.noindex/_Builtin_float-3SV611FZDZM9TKL81NB1GLZCJ.pcm /Users/renekeller/Library/Developer/Xcode/DerivedData/ModuleCache.noindex/simd-EF56XU4WMKRWHSAJ67N8XJMQY.pcm /Users/renekeller/Library/Developer/Xcode/DerivedData/ModuleCache.noindex/IOSurface-7CJTJ6FME0LH0DNFM3QKA6ESW.pcm /Users/renekeller/Library/Developer/Xcode/DerivedData/ModuleCache.noindex/_DarwinFoundation2-ETOZTJTWFPCKGY7PGKQBM6ZC4.pcm /Users/renekeller/Library/Developer/Xcode/DerivedData/ModuleCache.noindex/os_object-QSDJ874S8DDQ9QHRS832AOK9.pcm /Users/renekeller/Library/Developer/Xcode/DerivedData/ModuleCache.noindex/ptrauth-3X15PE5YNFUHCS754GO002SW0.pcm /Users/renekeller/Library/Developer/Xcode/DerivedData/ModuleCache.noindex/_Builtin_stddef-C6HKD13LM4K3JHF5BGTHMAGS8.pcm /Users/renekeller/Library/Developer/Xcode/DerivedData/ModuleCache.noindex/CoreTransferable-919O7L2Z7EAWFW1WFPU1BZZPB.pcm /Users/renekeller/Library/Developer/Xcode/DerivedData/ModuleCache.noindex/ImageIO-9NHFY7JT5NIGTN6XOZANFJ2AB.pcm /Users/renekeller/Library/Developer/Xcode/DerivedData/ModuleCache.noindex/SQLite3-CJDG9OA0EBCFYQPYBMW7EJ4IM.pcm /Users/renekeller/Library/Developer/Xcode/DerivedData/ModuleCache.noindex/IOKit-7F3PRQZ9Z1GMW7ID404B67SF2.pcm /Users/renekeller/Library/Developer/Xcode/DerivedData/ModuleCache.noindex/_AvailabilityInternal-9PB3F8R1Q5TMD4VOLLBGM2F1R.pcm /Users/renekeller/Library/Developer/Xcode/DerivedData/ModuleCache.noindex/Foundation-C8UG2PVBLS5C3HUELN1CHHJ1A.pcm /Users/renekeller/Library/Developer/Xcode/DerivedData/ModuleCache.noindex/DiskArbitration-4R4OW0FU99IZ3USGSCO03NAI1.pcm /Users/renekeller/Library/Developer/Xcode/DerivedData/ModuleCache.noindex/OpenGL-18UK5YFGLRA04BBTEJZOM0EY6.pcm /Users/renekeller/Library/Developer/Xcode/DerivedData/ModuleCache.noindex/_Builtin_stdint-DSHNN4479HLROU391JYBK5SWO.pcm /Users/renekeller/Library/Developer/Xcode/DerivedData/ModuleCache.noindex/AppKit-1CT071KXSG4TAED50BCLII293.pcm /Users/renekeller/Library/Developer/Xcode/DerivedData/ModuleCache.noindex/Spatial-AOO1N0GNYDI53JPVJ8TIPOZ9P.pcm /Users/renekeller/Library/Developer/Xcode/DerivedData/ModuleCache.noindex/XPC-7D1KN66QYDTHXPC1W233WXSAC.pcm /Users/renekeller/Library/Developer/Xcode/DerivedData/ModuleCache.noindex/CoreData-24D0YQDYHKJA9QRT626PPTH4I.pcm /Users/renekeller/Library/Developer/Xcode/DerivedData/ModuleCache.noindex/os-2757HOP0P1W0V2WP2DJMH5C1E.pcm /Users/renekeller/Library/Developer/Xcode/DerivedData/ModuleCache.noindex/DataDetection-DPDTN7KM03N9WKG2RF4C5ZZPY.pcm /Users/renekeller/Library/Developer/Xcode/DerivedData/ModuleCache.noindex/SwiftShims-F210MEXM9JY7H92D9GNHD9LNS.pcm /Users/renekeller/Library/Developer/Xcode/DerivedData/ModuleCache.noindex/SwiftUICore-72GDDG96A6K9BAB04DRCKATCD.pcm /Users/renekeller/Library/Developer/Xcode/DerivedData/ModuleCache.noindex/_SwiftConcurrencyShims-1MNJ9KSVXUUZHPXLFLNPPFLYI.pcm /Users/renekeller/Library/Developer/Xcode/DerivedData/ModuleCache.noindex/Darwin-ABAR9S0KYYFD28V4U2AIEH7AJ.pcm /Users/renekeller/Library/Developer/Xcode/DerivedData/ModuleCache.noindex/Dispatch-CN9ARQ3M0LR043QYSKUE7XRTE.pcm /Users/renekeller/Library/Developer/Xcode/DerivedData/ModuleCache.noindex/CUPS-7ST5M2JJGOM1OBYL0ERMEE9PQ.pcm /Users/renekeller/Library/Developer/Xcode/DerivedData/ModuleCache.noindex/UniformTypeIdentifiers-MG1SCR6S6S0EA4CBS6ES9YX3.pcm /Users/renekeller/Library/Developer/Xcode/DerivedData/ModuleCache.noindex/CoreImage-B1BWWD3K5HRNA3ZBRNZY87DA2.pcm /Users/renekeller/Library/Developer/Xcode/DerivedData/ModuleCache.noindex/_DarwinFoundation3-68EMV8354N2QNEULR2P4YKKBO.pcm /Users/renekeller/Library/Developer/Xcode/DerivedData/ModuleCache.noindex/_Builtin_stdatomic-6EEF3P4NSB2AN1CF34PPTMC8S.pcm /Users/renekeller/Library/Developer/Xcode/DerivedData/ModuleCache.noindex/ptrcheck-8OXXCDXANFLPERMVSHV7O0DIY.pcm /Users/renekeller/Library/Developer/Xcode/DerivedData/ModuleCache.noindex/ColorSync-CC8LZIJKRES0Z6BBWAVEWASRT.pcm /Users/renekeller/Library/Developer/Xcode/DerivedData/ModuleCache.noindex/Security-50YUZ0HF3FSLNLL4IEZ8KHAEE.pcm /Users/renekeller/Library/Developer/Xcode/DerivedData/ModuleCache.noindex/Metal-BN7M1LGMNC4F8QK1UPJNTU5E1.pcm /Users/renekeller/Library/Developer/Xcode/DerivedData/ModuleCache.noindex/CoreGraphics-ERLVOADVO0ZR5RZ2QEEGPTTZB.pcm /Users/renekeller/Library/Developer/Xcode/DerivedData/ModuleCache.noindex/_DarwinFoundation1-6IVXV175DPIM7FS866T1N3CXN.pcm /Users/renekeller/Library/Developer/Xcode/DerivedData/ModuleCache.noindex/QuartzCore-1YW4LEWDHKBORW4TGA7G9SQ77.pcm /Users/renekeller/Library/Developer/Xcode/DerivedData/ModuleCache.noindex/CoreFoundation-5PA9IP71DGOHYN2V8RTJAQJXL.pcm /Users/renekeller/Library/Developer/Xcode/DerivedData/ModuleCache.noindex/SwiftUI-DRTO45VH5NSQ5D98JD3F3IYA0.pcm /Users/renekeller/Library/Developer/Xcode/DerivedData/ModuleCache.noindex/Accessibility-1DDB12GRA4JIDGO6L6YGZCQEF.pcm /Users/renekeller/Library/Developer/Xcode/DerivedData/ModuleCache.noindex/ObjectiveC-7TIT05USCAKW4TSJYYY96PA1.pcm /Users/renekeller/Library/Developer/Xcode/DerivedData/ModuleCache.noindex/libkern-6EXL8I9OGYBHGBW8A9Z4T8NXJ.pcm /Users/renekeller/Library/Developer/Xcode/DerivedData/ModuleCache.noindex/CoreServices-DZ31QU6397AIHH8H3JRUVD7WO.pcm /Users/renekeller/Library/Developer/Xcode/DerivedData/ModuleCache.noindex/libDER-37TSML3PVTMQS00PNEK630AMB.pcm /Users/renekeller/Library/Developer/Xcode/DerivedData/ModuleCache.noindex/_Builtin_stdbool-EMU737V20TOZ7QPO619892XC3.pcm /Users/renekeller/Library/Developer/Xcode/DerivedData/ModuleCache.noindex/_Builtin_intrinsics-1LI746KHLHQ3MLX2GIP8D5CZ9.pcm /Users/renekeller/Library/Developer/Xcode/DerivedData/ModuleCache.noindex/sys_types-4ROIBMPPZ3OBE3SXMTMTR93HS.pcm /Users/renekeller/Library/Developer/Xcode/DerivedData/ModuleCache.noindex/LocalAuthentication-CZUCHQEYQNO08ONYOW2I3GL06.pcm /Users/renekeller/Library/Developer/Xcode/DerivedData/ModuleCache.noindex/DeveloperToolsSupport-1M3CO1WT168RA1LUINXSQF0UT.pcm /Users/renekeller/Library/Developer/Xcode/DerivedData/ModuleCache.noindex/os_workgroup-6AHTRM6ZMHRXJOGL7NVCFHVK2.pcm /Users/renekeller/Library/Developer/Xcode/DerivedData/ModuleCache.noindex/_Builtin_tgmath-DSKWIF80B2QACORD12KO5BMQ4.pcm /Users/renekeller/Library/Developer/Xcode/DerivedData/ModuleCache.noindex/OSLog-E7U6BCYNJ4M685XXKYVCXBM2B.pcm /Users/renekeller/Library/Developer/Xcode/DerivedData/ModuleCache.noindex/CFNetwork-742WWYB2L4VNUGVIACH1CH5PY.pcm /Users/renekeller/Library/Developer/Xcode/DerivedData/ModuleCache.noindex/Symbols-2LO9KDI12B8TY9ZOZIQTE65LP.pcm /Users/renekeller/Library/Developer/Xcode/DerivedData/ModuleCache.noindex/MachO-5XIEGNRAJSLUQAWN2Z574ATW8.pcm /Users/renekeller/Library/Developer/Xcode/DerivedData/ModuleCache.noindex/_Builtin_limits-5O5RLSNF62UE45MCUKN1JWQ6R.pcm /Users/renekeller/Library/Developer/Xcode/DerivedData/ModuleCache.noindex/launch-7MO3Q5DGYW7SLE7468KWREPZ2.pcm /Users/renekeller/Library/Developer/Xcode/DerivedData/ModuleCache.noindex/CoreVideo-1TKLCCTEP4IWY08RN0NRDRGSK.pcm /Users/renekeller/Library/Developer/Xcode/DerivedData/ModuleCache.noindex/_Builtin_inttypes-CN4MF0N263LBOELDD1307MQ2J.pcm /Users/renekeller/Library/Developer/Xcode/DerivedData/DragonShield-cnvvhvblgwlctgatdxxurlmxejof/Build/Intermediates.noindex/DragonShield.build/Release/DragonShield.build/Objects-normal/arm64/DragonShield-dependencies-1.json /Users/renekeller/Library/Developer/Xcode/DerivedData/DragonShield-cnvvhvblgwlctgatdxxurlmxejof/Build/Intermediates.noindex/DragonShield.build/Release/DragonShield.build/Objects-normal/arm64/DragonShield-primary-Bridging-header.pch (in target 'DragonShield' from project 'DragonShield')

CompileSwift normal arm64 (in target 'DragonShield' from project 'DragonShield')
    cd /Users/renekeller/Google\ Antigravity\ Project\ Folder/DragonShield
    
/Users/renekeller/Google Antigravity Project Folder/DragonShield/DragonShield/Views/TradesHistoryView.swift:740:54: error: type 'DSColor' has no member 'semanticGreen'
                            .foregroundColor(DSColor.semanticGreen)
                                             ~~~~~~~ ^~~~~~~~~~~~~
/Users/renekeller/Google Antigravity Project Folder/DragonShield/DragonShield/Views/TradesHistoryView.swift:1487:55: error: type 'DSColor' has no member 'semanticGreen'
                .foregroundColor(value >= 0 ? DSColor.semanticGreen : DSColor.semanticRed)
                                              ~~~~~~~ ^~~~~~~~~~~~~
/Users/renekeller/Google Antigravity Project Folder/DragonShield/DragonShield/Views/TradesHistoryView.swift:1487:79: error: type 'DSColor' has no member 'semanticRed'
                .foregroundColor(value >= 0 ? DSColor.semanticGreen : DSColor.semanticRed)
                                                                      ~~~~~~~ ^~~~~~~~~~~

Failed frontend command:
/Applications/Xcode.app/Contents/Developer/Toolchains/XcodeDefault.xctoolchain/usr/bin/swift-frontend -frontend -c -filelist /Users/renekeller/Library/Developer/Xcode/DerivedData/DragonShield-cnvvhvblgwlctgatdxxurlmxejof/Build/Intermediates.noindex/DragonShield.build/Release/DragonShield.build/Objects-normal/arm64/sources-1 -supplementary-output-file-map /Users/renekeller/Library/Developer/Xcode/DerivedData/DragonShield-cnvvhvblgwlctgatdxxurlmxejof/Build/Intermediates.noindex/DragonShield.build/Release/DragonShield.build/Objects-normal/arm64/supplementaryOutputs-1 -emit-localized-strings -emit-localized-strings-path /Users/renekeller/Library/Developer/Xcode/DerivedData/DragonShield-cnvvhvblgwlctgatdxxurlmxejof/Build/Intermediates.noindex/DragonShield.build/Release/DragonShield.build/Objects-normal/arm64 -target arm64-apple-macos15.0 -module-can-import-version AppKit 2685.20.119 2685.20.119 -module-can-import-version Charts 4.1.4 0 -module-can-import-version DeveloperToolsSupport 23.0.4 23.0.4 -module-can-import-version SwiftUI 7.1.13.1 7.1.13 -load-resolved-plugin /Applications/Xcode.app/Contents/Developer/Platforms/MacOSX.platform/Developer/usr/lib/swift/host/plugins/libFoundationMacros.dylib\#/Applications/Xcode.app/Contents/Developer/Platforms/MacOSX.platform/Developer/usr/bin/swift-plugin-server\#FoundationMacros -load-resolved-plugin /Applications/Xcode.app/Contents/Developer/Platforms/MacOSX.platform/Developer/usr/lib/swift/host/plugins/libObservationMacros.dylib\#/Applications/Xcode.app/Contents/Developer/Platforms/MacOSX.platform/Developer/usr/bin/swift-plugin-server\#ObservationMacros -load-resolved-plugin /Applications/Xcode.app/Contents/Developer/Platforms/MacOSX.platform/Developer/usr/lib/swift/host/plugins/libPreviewsMacros.dylib\#/Applications/Xcode.app/Contents/Developer/Platforms/MacOSX.platform/Developer/usr/bin/swift-plugin-server\#PreviewsMacros -load-resolved-plugin /Applications/Xcode.app/Contents/Developer/Platforms/MacOSX.platform/Developer/usr/lib/swift/host/plugins/libSwiftMacros.dylib\#/Applications/Xcode.app/Contents/Developer/Platforms/MacOSX.platform/Developer/usr/bin/swift-plugin-server\#SwiftMacros -load-resolved-plugin /Applications/Xcode.app/Contents/Developer/Platforms/MacOSX.platform/Developer/usr/lib/swift/host/plugins/libSwiftUIMacros.dylib\#/Applications/Xcode.app/Contents/Developer/Platforms/MacOSX.platform/Developer/usr/bin/swift-plugin-server\#SwiftUIMacros -disable-implicit-swift-modules -Xcc -fno-implicit-modules -Xcc -fno-implicit-module-maps -explicit-swift-module-map-file /Users/renekeller/Library/Developer/Xcode/DerivedData/DragonShield-cnvvhvblgwlctgatdxxurlmxejof/Build/Intermediates.noindex/DragonShield.build/Release/DragonShield.build/Objects-normal/arm64/DragonShield-dependencies-1.json -Xllvm -aarch64-use-tbi -enable-objc-interop -stack-check -sdk /Applications/Xcode.app/Contents/Developer/Platforms/MacOSX.platform/Developer/SDKs/MacOSX26.1.sdk -I /Users/renekeller/Library/Developer/Xcode/DerivedData/DragonShield-cnvvhvblgwlctgatdxxurlmxejof/Build/Products/Release -F /Users/renekeller/Library/Developer/Xcode/DerivedData/DragonShield-cnvvhvblgwlctgatdxxurlmxejof/Build/Products/Release/PackageFrameworks -F /Users/renekeller/Library/Developer/Xcode/DerivedData/DragonShield-cnvvhvblgwlctgatdxxurlmxejof/Build/Products/Release -no-color-diagnostics -Xcc -fno-color-diagnostics -g -debug-info-format\=dwarf -dwarf-version\=5 -module-cache-path /Users/renekeller/Library/Developer/Xcode/DerivedData/DragonShield-cnvvhvblgwlctgatdxxurlmxejof/Build/Intermediates.noindex/SwiftExplicitPrecompiledModules -swift-version 5 -enforce-exclusivity\=checked -O -serialize-debugging-options -const-gather-protocols-file /Users/renekeller/Library/Developer/Xcode/DerivedData/DragonShield-cnvvhvblgwlctgatdxxurlmxejof/Build/Intermediates.noindex/DragonShield.build/Release/DragonShield.build/Objects-normal/arm64/DragonShield_const_extract_protocols.json -enable-experimental-feature DebugDescriptionMacro -enable-bare-slash-regex -empty-abi-descriptor -validate-clang-modules-once -clang-build-session-file /Users/renekeller/Library/Developer/Xcode/DerivedData/ModuleCache.noindex/Session.modulevalidation -Xcc -working-directory -Xcc /Users/renekeller/Google\ Antigravity\ Project\ Folder/DragonShield -file-compilation-dir /Users/renekeller/Google\ Antigravity\ Project\ Folder/DragonShield -Xcc -ivfsstatcache -Xcc /Users/renekeller/Library/Developer/Xcode/DerivedData/SDKStatCaches.noindex/macosx26.1-25B74-3ae1261907bdadc328169391a47051a6.sdkstatcache -Xcc -I/Users/renekeller/Library/Developer/Xcode/DerivedData/DragonShield-cnvvhvblgwlctgatdxxurlmxejof/Build/Intermediates.noindex/DragonShield.build/Release/DragonShield.build/swift-overrides.hmap -Xcc -iquote -Xcc /Users/renekeller/Library/Developer/Xcode/DerivedData/DragonShield-cnvvhvblgwlctgatdxxurlmxejof/Build/Intermediates.noindex/DragonShield.build/Release/DragonShield.build/DragonShield-generated-files.hmap -Xcc -I/Users/renekeller/Library/Developer/Xcode/DerivedData/DragonShield-cnvvhvblgwlctgatdxxurlmxejof/Build/Intermediates.noindex/DragonShield.build/Release/DragonShield.build/DragonShield-own-target-headers.hmap -Xcc -I/Users/renekeller/Library/Developer/Xcode/DerivedData/DragonShield-cnvvhvblgwlctgatdxxurlmxejof/Build/Intermediates.noindex/DragonShield.build/Release/DragonShield.build/DragonShield-all-non-framework-target-headers.hmap -Xcc -ivfsoverlay -Xcc /Users/renekeller/Library/Developer/Xcode/DerivedData/DragonShield-cnvvhvblgwlctgatdxxurlmxejof/Build/Intermediates.noindex/DragonShield.build/Release/DragonShield-a396f83ae9fbf592c45727549e65208b-VFS/all-product-headers.yaml -Xcc -iquote -Xcc /Users/renekeller/Library/Developer/Xcode/DerivedData/DragonShield-cnvvhvblgwlctgatdxxurlmxejof/Build/Intermediates.noindex/DragonShield.build/Release/DragonShield.build/DragonShield-project-headers.hmap -Xcc -I/Users/renekeller/Library/Developer/Xcode/DerivedData/DragonShield-cnvvhvblgwlctgatdxxurlmxejof/Build/Products/Release/include -Xcc -I/Users/renekeller/Library/Developer/Xcode/DerivedData/DragonShield-cnvvhvblgwlctgatdxxurlmxejof/Build/Intermediates.noindex/DragonShield.build/Release/DragonShield.build/DerivedSources-normal/arm64 -Xcc -I/Users/renekeller/Library/Developer/Xcode/DerivedData/DragonShield-cnvvhvblgwlctgatdxxurlmxejof/Build/Intermediates.noindex/DragonShield.build/Release/DragonShield.build/DerivedSources/arm64 -Xcc -I/Users/renekeller/Library/Developer/Xcode/DerivedData/DragonShield-cnvvhvblgwlctgatdxxurlmxejof/Build/Intermediates.noindex/DragonShield.build/Release/DragonShield.build/DerivedSources -import-objc-header /Users/renekeller/Library/Developer/Xcode/DerivedData/DragonShield-cnvvhvblgwlctgatdxxurlmxejof/Build/Intermediates.noindex/DragonShield.build/Release/DragonShield.build/Objects-normal/arm64/DragonShield-primary-Bridging-header.pch -no-auto-bridging-header-chaining -module-name DragonShield -frontend-parseable-output -disable-clang-spi -target-sdk-version 26.1 -target-sdk-name macosx26.1 -clang-target arm64-apple-macos26.1 -in-process-plugin-server-path /Applications/Xcode.app/Contents/Developer/Toolchains/XcodeDefault.xctoolchain/usr/lib/swift/host/libSwiftInProcPluginServer.dylib -enable-default-cmo -num-threads 16 -output-filelist /Users/renekeller/Library/Developer/Xcode/DerivedData/DragonShield-cnvvhvblgwlctgatdxxurlmxejof/Build/Intermediates.noindex/DragonShield.build/Release/DragonShield.build/Objects-normal/arm64/outputs-1 -index-unit-output-path-filelist /Users/renekeller/Library/Developer/Xcode/DerivedData/DragonShield-cnvvhvblgwlctgatdxxurlmxejof/Build/Intermediates.noindex/DragonShield.build/Release/DragonShield.build/Objects-normal/arm64/index-unit-outputs-1
